Warning message:
package ‘readr’ was built under R version 4.4.1 
── Attaching core tidyverse packages ──────────────────────── tidyverse 2.0.0 ──
✔ dplyr     1.1.4     ✔ purrr     1.1.0
✔ forcats   1.0.1     ✔ stringr   1.5.2
✔ ggplot2   4.0.0     ✔ tibble    3.3.0
✔ lubridate 1.9.4     ✔ tidyr     1.3.1
── Conflicts ────────────────────────────────────────── tidyverse_conflicts() ──
✖ dplyr::filter() masks stats::filter()
✖ dplyr::lag()    masks stats::lag()
ℹ Use the conflicted package (<http://conflicted.r-lib.org/>) to force all conflicts to become errors
Warning messages:
1: package ‘tidyverse’ was built under R version 4.4.1 
2: package ‘tibble’ was built under R version 4.4.3 
3: package ‘tidyr’ was built under R version 4.4.1 
4: package ‘dplyr’ was built under R version 4.4.1 
5: package ‘lubridate’ was built under R version 4.4.2 
New names:
• `` -> `...1`
Rows: 9266 Columns: 29008
── Column specification ────────────────────────────────────────────────────────
Delimiter: ","
chr     (1): ...1
dbl (29007): A1BG, A1BG-AS1, A1CF, A2M, A2M-AS1, A2ML1-AS2, A2MP1, AAAS, AAC...

ℹ Use `spec()` to retrieve the full column specification for this data.
ℹ Specify the column types or set `show_col_types = FALSE` to quiet this message.
Rows: 9266 Columns: 1
── Column specification ────────────────────────────────────────────────────────
Delimiter: ","
chr (1): x

ℹ Use `spec()` to retrieve the full column specification for this data.
ℹ Specify the column types or set `show_col_types = FALSE` to quiet this message.
Initialize beta estimate
Fitting beta coefficients
Fit overdispersion
Initialize beta estimate
Fitting beta coefficients
Fit overdispersion
Initialize beta estimate
Fitting beta coefficients
Fit overdispersion
Initialize beta estimate
Fitting beta coefficients
Fit overdispersion
Initialize beta estimate
Fitting beta coefficients
Fit overdispersion
Initialize beta estimate
Fitting beta coefficients
Fit overdispersion
Initialize beta estimate
Fitting beta coefficients
Fit overdispersion
Initialize beta estimate
Fitting beta coefficients
Fit overdispersion
Initialize beta estimate
Fitting beta coefficients
Fit overdispersion
Initialize beta estimate
Fitting beta coefficients
Fit overdispersion
Warning messages:
1: In dir.create("results/fits/", recursive = T) :
  'results/fits' already exists
2: In dir.create("results/fits/", recursive = T) :
  'results/fits' already exists
3: In dir.create("results/fits/", recursive = T) :
  'results/fits' already exists
4: In dir.create("results/fits/", recursive = T) :
  'results/fits' already exists
5: In dir.create("results/fits/", recursive = T) :
  'results/fits' already exists
6: In dir.create("results/fits/", recursive = T) :
  'results/fits' already exists
7: In dir.create("results/fits/", recursive = T) :
  'results/fits' already exists
8: In dir.create("results/fits/", recursive = T) :
  'results/fits' already exists
9: In dir.create("results/fits/", recursive = T) :
  'results/fits' already exists
10: In dir.create("results/fits/", recursive = T) :
  'results/fits' already exists
